 
****************************************
Report : power
        -hier
        -analysis_effort high
Design : FPmult
Version: G-2012.06-SP2
Date   : Mon Dec 28 22:16:07 2015
****************************************


Library(s) Used:

    NangateOpenCellLibrary_ss0p95vn40c (File: /home/standard_cell_libraries/NangateOpenCellLibrary_PDKv1_3_v2010_12/lib/Front_End/Liberty/NLDM/NangateOpenCellLibrary_ss0p95vn40c.db)


Operating Conditions: worst_low   Library: NangateOpenCellLibrary_ss0p95vn40c
Wire Load Model Mode: top

Design        Wire Load Model            Library
------------------------------------------------
FPmult                 5K_hvratio_1_1    NangateOpenCellLibrary_ss0p95vn40c


Global Operating Voltage = 0.95 
Power-specific unit information :
    Voltage Units = 1V
    Capacitance Units = 1.000000ff
    Time Units = 1ns
    Dynamic Power Units = 1uW    (derived from V,C,T units)
    Leakage Power Units = 1nW


--------------------------------------------------------------------------------
                                       Switch   Int      Leak     Total
Hierarchy                              Power    Power    Power    Power    %
--------------------------------------------------------------------------------
FPmult                                   99.379  186.669 1.46e+04  300.654 100.0
  mult_32 (FPmult_DW02_mult_0)           89.789   98.872 1.19e+04  200.521  66.7
  add_2_root_sub_1_root_add_35_2 (FPmult_DW01_add_2)
                                          0.635    1.034  108.907    1.777   0.6
1
